0 verbose cli /usr/bin/node /usr/bin/npm
1 info using npm@10.8.2
2 info using node@v20.20.2
3 silly config load:file:/usr/lib/node_modules/npm/npmrc
4 silly config load:file:/var/www/alkarrar-app/.npmrc
5 silly config load:file:/root/.npmrc
6 silly config load:file:/usr/etc/npmrc
7 verbose title npm install
8 verbose argv "install"
9 verbose logfile logs-max:10 dir:/root/.npm/_logs/2026-09-17T17_19_13_287Z-
10 verbose logfile /root/.npm/_logs/2026-09-17T17_19_13_287Z-debug-0.log
11 silly packumentCache heap:2101084160 maxSize:525271040 maxEntrySize:262635520
12 silly logfile start cleaning logs, removing 1 files
13 silly logfile done cleaning log files
14 silly idealTree buildDeps
15 warn EBADENGINE Unsupported engine {
15 warn EBADENGINE   package: '@capacitor/cli@8.4.2',
15 warn EBADENGINE   required: { node: '>=22.0.0' },
15 warn EBADENGINE   current: { node: 'v20.20.2', npm: '10.8.2' }
15 warn EBADENGINE }
16 silly reify moves {}
17 silly audit bulk request {
17 silly audit   '@babel/code-frame': [ '7.29.7' ],
17 silly audit   '@babel/compat-data': [ '7.29.7' ],
17 silly audit   '@babel/core': [ '7.29.7' ],
17 silly audit   semver: [ '6.3.1', '7.8.5' ],
17 silly audit   '@babel/generator': [ '7.29.7' ],
17 silly audit   '@babel/helper-compilation-targets': [ '7.29.7' ],
17 silly audit   '@babel/helper-globals': [ '7.29.7' ],
17 silly audit   '@babel/helper-module-imports': [ '7.29.7' ],
17 silly audit   '@babel/helper-module-transforms': [ '7.29.7' ],
17 silly audit   '@babel/helper-plugin-utils': [ '7.29.7' ],
17 silly audit   '@babel/helper-string-parser': [ '7.29.7' ],
17 silly audit   '@babel/helper-validator-identifier': [ '7.29.7' ],
17 silly audit   '@babel/helper-validator-option': [ '7.29.7' ],
17 silly audit   '@babel/helpers': [ '7.29.7' ],
17 silly audit   '@babel/parser': [ '7.29.7' ],
17 silly audit   '@babel/plugin-transform-react-jsx-self': [ '7.29.7' ],
17 silly audit   '@babel/plugin-transform-react-jsx-source': [ '7.29.7' ],
17 silly audit   '@babel/runtime': [ '7.29.7' ],
17 silly audit   '@babel/template': [ '7.29.7' ],
17 silly audit   '@babel/traverse': [ '7.29.7' ],
17 silly audit   '@babel/types': [ '7.29.7' ],
17 silly audit   '@capacitor/android': [ '8.4.2' ],
17 silly audit   '@capacitor/app': [ '8.1.1' ],
17 silly audit   '@capacitor/background-runner': [ '3.0.0' ],
17 silly audit   '@capacitor/cli': [ '8.4.2' ],
17 silly audit   '@capacitor/core': [ '8.4.2' ],
17 silly audit   '@capacitor/network': [ '8.0.1' ],
17 silly audit   '@capacitor/preferences': [ '8.0.1' ],
17 silly audit   '@capawesome/capacitor-background-task': [ '8.0.2' ],
17 silly audit   '@drizzle-team/brocli': [ '0.10.2' ],
17 silly audit   '@esbuild-kit/core-utils': [ '3.3.2' ],
17 silly audit   '@esbuild/linux-x64': [ '0.18.20', '0.25.12', '0.28.1' ],
17 silly audit   esbuild: [ '0.18.20', '0.25.12', '0.28.1' ],
17 silly audit   '@esbuild-kit/esm-loader': [ '2.6.5' ],
17 silly audit   '@esbuild/aix-ppc64': [ '0.25.12', '0.28.1' ],
17 silly audit   '@esbuild/android-arm': [ '0.18.20', '0.25.12', '0.28.1' ],
17 silly audit   '@esbuild/android-arm64': [ '0.18.20', '0.25.12', '0.28.1' ],
17 silly audit   '@esbuild/android-x64': [ '0.18.20', '0.25.12', '0.28.1' ],
17 silly audit   '@esbuild/darwin-arm64': [ '0.18.20', '0.25.12', '0.28.1' ],
17 silly audit   '@esbuild/darwin-x64': [ '0.18.20', '0.25.12', '0.28.1' ],
17 silly audit   '@esbuild/freebsd-arm64': [ '0.18.20', '0.25.12', '0.28.1' ],
17 silly audit   '@esbuild/freebsd-x64': [ '0.18.20', '0.25.12', '0.28.1' ],
17 silly audit   '@esbuild/linux-arm': [ '0.18.20', '0.25.12', '0.28.1' ],
17 silly audit   '@esbuild/linux-arm64': [ '0.18.20', '0.25.12', '0.28.1' ],
17 silly audit   '@esbuild/linux-ia32': [ '0.18.20', '0.25.12', '0.28.1' ],
17 silly audit   '@esbuild/linux-loong64': [ '0.18.20', '0.25.12', '0.28.1' ],
17 silly audit   '@esbuild/linux-mips64el': [ '0.18.20', '0.25.12', '0.28.1' ],
17 silly audit   '@esbuild/linux-ppc64': [ '0.18.20', '0.25.12', '0.28.1' ],
17 silly audit   '@esbuild/linux-riscv64': [ '0.18.20', '0.25.12', '0.28.1' ],
17 silly audit   '@esbuild/linux-s390x': [ '0.18.20', '0.25.12', '0.28.1' ],
17 silly audit   '@esbuild/netbsd-arm64': [ '0.25.12', '0.28.1' ],
17 silly audit   '@esbuild/netbsd-x64': [ '0.18.20', '0.25.12', '0.28.1' ],
17 silly audit   '@esbuild/openbsd-arm64': [ '0.25.12', '0.28.1' ],
17 silly audit   '@esbuild/openbsd-x64': [ '0.18.20', '0.25.12', '0.28.1' ],
17 silly audit   '@esbuild/openharmony-arm64': [ '0.25.12', '0.28.1' ],
17 silly audit   '@esbuild/sunos-x64': [ '0.18.20', '0.25.12', '0.28.1' ],
17 silly audit   '@esbuild/win32-arm64': [ '0.18.20', '0.25.12', '0.28.1' ],
17 silly audit   '@esbuild/win32-ia32': [ '0.18.20', '0.25.12', '0.28.1' ],
17 silly audit   '@esbuild/win32-x64': [ '0.18.20', '0.25.12', '0.28.1' ],
17 silly audit   '@google/genai': [ '2.13.0' ],
17 silly audit   '@ionic/cli-framework-output': [ '2.2.8' ],
17 silly audit   '@ionic/utils-array': [ '2.1.6' ],
17 silly audit   '@ionic/utils-fs': [ '3.1.7' ],
17 silly audit   'fs-extra': [ '9.1.0', '11.4.0' ],
17 silly audit   '@ionic/utils-object': [ '2.1.6' ],
17 silly audit   '@ionic/utils-process': [ '2.1.12' ],
17 silly audit   '@ionic/utils-stream': [ '3.1.7' ],
17 silly audit   '@ionic/utils-subprocess': [ '3.0.1' ],
17 silly audit   '@ionic/utils-terminal': [ '2.3.5' ],
17 silly audit   '@isaacs/fs-minipass': [ '4.0.1' ],
17 silly audit   '@jridgewell/gen-mapping': [ '0.3.13' ],
17 silly audit   '@jridgewell/remapping': [ '2.3.5' ],
17 silly audit   '@jridgewell/resolve-uri': [ '3.1.2' ],
17 silly audit   '@jridgewell/sourcemap-codec': [ '1.5.5' ],
17 silly audit   '@jridgewell/trace-mapping': [ '0.3.31' ],
17 silly audit   '@protobufjs/aspromise': [ '1.1.2' ],
17 silly audit   '@protobufjs/base64': [ '1.1.2' ],
17 silly audit   '@protobufjs/codegen': [ '2.0.5' ],
17 silly audit   '@protobufjs/eventemitter': [ '1.1.1' ],
17 silly audit   '@protobufjs/fetch': [ '1.1.1' ],
17 silly audit   '@protobufjs/float': [ '1.0.2' ],
17 silly audit   '@protobufjs/path': [ '1.1.2' ],
17 silly audit   '@protobufjs/pool': [ '1.1.0' ],
17 silly audit   '@protobufjs/utf8': [ '1.1.2' ],
17 silly audit   '@rolldown/pluginutils': [ '1.0.0-rc.3' ],
17 silly audit   '@rollup/rollup-linux-x64-gnu': [ '4.62.2' ],
17 silly audit   '@rollup/rollup-linux-x64-musl': [ '4.62.2' ],
17 silly audit   '@tailwindcss/node': [ '4.3.3' ],
17 silly audit   '@tailwindcss/oxide': [ '4.3.3' ],
17 silly audit   '@tailwindcss/oxide-linux-x64-gnu': [ '4.3.3' ],
17 silly audit   '@tailwindcss/oxide-linux-x64-musl': [ '4.3.3' ],
17 silly audit   '@tailwindcss/vite': [ '4.3.3' ],
17 silly audit   '@types/babel__core': [ '7.20.5' ],
17 silly audit   '@types/babel__generator': [ '7.27.0' ],
17 silly audit   '@types/babel__template': [ '7.4.4' ],
17 silly audit   '@types/babel__traverse': [ '7.28.0' ],
17 silly audit   '@types/body-parser': [ '1.19.6' ],
17 silly audit   '@types/connect': [ '3.4.38' ],
17 silly audit   '@types/estree': [ '1.0.9' ],
17 silly audit   '@types/express': [ '4.17.25' ],
17 silly audit   '@types/express-serve-static-core': [ '4.19.9' ],
17 silly audit   '@types/fs-extra': [ '8.1.5' ],
17 silly audit   '@types/http-errors': [ '2.0.5' ],
17 silly audit   '@types/mime': [ '1.3.5' ],
17 silly audit   '@types/node': [ '22.20.1' ],
17 silly audit   '@types/pako': [ '2.0.4' ],
17 silly audit   '@types/pg': [ '8.23.1' ],
17 silly audit   '@types/qs': [ '6.15.1' ],
17 silly audit   '@types/raf': [ '3.4.3' ],
17 silly audit   '@types/range-parser': [ '1.2.7' ],
17 silly audit   '@types/react': [ '19.2.17' ],
17 silly audit   '@types/react-dom': [ '19.2.3' ],
17 silly audit   '@types/retry': [ '0.12.0' ],
17 silly audit   '@types/send': [ '1.2.1', '0.17.6' ],
17 silly audit   '@types/serve-static': [ '1.15.10' ],
17 silly audit   '@types/slice-ansi': [ '4.0.0' ],
17 silly audit   '@types/trusted-types': [ '2.0.7' ],
17 silly audit   '@vitejs/plugin-react': [ '5.2.0' ],
17 silly audit   '@xmldom/xmldom': [ '0.9.10' ],
17 silly audit   accepts: [ '1.3.8' ],
17 silly audit   'agent-base': [ '7.1.4' ],
17 silly audit   'ansi-regex': [ '5.0.1' ],
17 silly audit   'ansi-styles': [ '4.3.0' ],
17 silly audit   'array-flatten': [ '1.1.1' ],
17 silly audit   'astral-regex': [ '2.0.0' ],
17 silly audit   'at-least-node': [ '1.0.0' ],
17 silly audit   autoprefixer: [ '10.5.4' ],
17 silly audit   'balanced-match': [ '4.0.4' ],
17 silly audit   'base64-arraybuffer': [ '1.0.2' ],
17 silly audit   'base64-js': [ '1.5.1' ],
17 silly audit   'baseline-browser-mapping': [ '2.11.0' ],
17 silly audit   'big-integer': [ '1.6.52' ],
17 silly audit   'bignumber.js': [ '9.3.1' ],
17 silly audit   'body-parser': [ '1.20.6' ],
17 silly audit   debug: [ '2.6.9', '4.4.3' ],
17 silly audit   ms: [ '2.0.0', '2.1.3' ],
17 silly audit   'bplist-parser': [ '0.3.2' ],
17 silly audit   'brace-expansion': [ '5.0.8' ],
17 silly audit   browserslist: [ '4.28.7' ],
17 silly audit   'buffer-crc32': [ '0.2.13' ],
17 silly audit   'buffer-equal-constant-time': [ '1.0.1' ],
17 silly audit   'buffer-from': [ '1.1.2' ],
17 silly audit   bytes: [ '3.1.2' ],
17 silly audit   'call-bind-apply-helpers': [ '1.0.2' ],
17 silly audit   'call-bound': [ '1.0.4' ],
17 silly audit   'caniuse-lite': [ '1.0.30001806' ],
17 silly audit   canvg: [ '3.0.11' ],
17 silly audit   chownr: [ '3.0.0' ],
17 silly audit   'color-convert': [ '2.0.1' ],
17 silly audit   'color-name': [ '1.1.4' ],
17 silly audit   commander: [ '12.1.0' ],
17 silly audit   'content-disposition': [ '0.5.4' ],
17 silly audit   'content-type': [ '1.0.5' ],
17 silly audit   'convert-source-map': [ '2.0.0' ],
17 silly audit   cookie: [ '0.7.2' ],
17 silly audit   'cookie-signature': [ '1.0.7' ],
17 silly audit   'core-js': [ '3.49.0' ],
17 silly audit   'cross-spawn': [ '7.0.6' ],
17 silly audit   'css-line-break': [ '2.1.0' ],
17 silly audit   csstype: [ '3.2.3' ],
17 silly audit   'data-uri-to-buffer': [ '4.0.1' ],
17 silly audit   'define-lazy-prop': [ '2.0.0' ],
17 silly audit   depd: [ '2.0.0' ],
17 silly audit   destroy: [ '1.2.0' ],
17 silly audit   'detect-libc': [ '2.1.2' ],
17 silly audit   dompurify: [ '3.4.12' ],
17 silly audit   dotenv: [ '17.4.2' ],
17 silly audit   'drizzle-kit': [ '0.31.10' ],
17 silly audit   'drizzle-orm': [ '0.45.2' ],
17 silly audit   'dunder-proto': [ '1.0.1' ],
17 silly audit   'ecdsa-sig-formatter': [ '1.0.11' ],
17 silly audit   'ee-first': [ '1.1.1' ],
17 silly audit   'electron-to-chromium': [ '1.5.395' ],
17 silly audit   elementtree: [ '0.1.7' ],
17 silly audit   'emoji-regex': [ '8.0.0' ],
17 silly audit   encodeurl: [ '2.0.0' ],
17 silly audit   'enhanced-resolve': [ '5.24.3' ],
17 silly audit   'env-paths': [ '2.2.1' ],
17 silly audit   'es-define-property': [ '1.0.1' ],
17 silly audit   'es-errors': [ '1.3.0' ],
17 silly audit   'es-object-atoms': [ '1.1.2' ],
17 silly audit   escalade: [ '3.2.0' ],
17 silly audit   'escape-html': [ '1.0.3' ],
17 silly audit   etag: [ '1.8.1' ],
17 silly audit   express: [ '4.22.2' ],
17 silly audit   extend: [ '3.0.2' ],
17 silly audit   'fast-png': [ '6.4.0' ],
17 silly audit   'fd-slicer': [ '1.1.0' ],
17 silly audit   fdir: [ '6.5.0' ],
17 silly audit   'fetch-blob': [ '3.2.0' ],
17 silly audit   fflate: [ '0.8.3' ],
17 silly audit   finalhandler: [ '1.3.2' ],
17 silly audit   'formdata-polyfill': [ '4.0.10' ],
17 silly audit   forwarded: [ '0.2.0' ],
17 silly audit   'fraction.js': [ '5.3.4' ],
17 silly audit   'framer-motion': [ '12.42.2' ],
17 silly audit   fresh: [ '0.5.2' ],
17 silly audit   'function-bind': [ '1.1.2' ],
17 silly audit   gaxios: [ '7.2.0' ],
17 silly audit   'gcp-metadata': [ '8.1.2' ],
17 silly audit   gensync: [ '1.0.0-beta.2' ],
17 silly audit   'get-intrinsic': [ '1.3.0' ],
17 silly audit   'get-proto': [ '1.0.1' ],
17 silly audit   'get-tsconfig': [ '4.14.3' ],
17 silly audit   glob: [ '13.0.6' ],
17 silly audit   'google-auth-library': [ '10.9.0' ],
17 silly audit   'google-logging-utils': [ '1.1.3' ],
17 silly audit   gopd: [ '1.2.0' ],
17 silly audit   'graceful-fs': [ '4.2.11' ],
17 silly audit   'has-symbols': [ '1.1.0' ],
17 silly audit   hasown: [ '2.0.4' ],
17 silly audit   html2canvas: [ '1.4.1' ],
17 silly audit   'http-errors': [ '2.0.1' ],
17 silly audit   'https-proxy-agent': [ '7.0.6' ],
17 silly audit   'iconv-lite': [ '0.4.24' ],
17 silly audit   idb: [ '8.0.3' ],
17 silly audit   inherits: [ '2.0.4' ],
17 silly audit   ini: [ '4.1.3' ],
17 silly audit   iobuffer: [ '5.4.0' ],
17 silly audit   'ipaddr.js': [ '1.9.1' ],
17 silly audit   'is-docker': [ '2.2.1' ],
17 silly audit   'is-fullwidth-code-point': [ '3.0.0' ],
17 silly audit   'is-wsl': [ '2.2.0' ],
17 silly audit   isexe: [ '2.0.0' ],
17 silly audit   jiti: [ '2.7.0' ],
17 silly audit   'js-tokens': [ '4.0.0' ],
17 silly audit   jsesc: [ '3.1.0' ],
17 silly audit   'json-bigint': [ '1.0.0' ],
17 silly audit   json5: [ '2.2.3' ],
17 silly audit   jsonfile: [ '6.2.1' ],
17 silly audit   jspdf: [ '4.2.1' ],
17 silly audit   jwa: [ '2.0.1' ],
17 silly audit   jws: [ '4.0.1' ],
17 silly audit   kleur: [ '4.1.5', '3.0.3' ],
17 silly audit   lightningcss: [ '1.32.0' ],
17 silly audit   'lightningcss-linux-x64-gnu': [ '1.32.0' ],
17 silly audit   'lightningcss-linux-x64-musl': [ '1.32.0' ],
17 silly audit   long: [ '5.3.2' ],
17 silly audit   'lru-cache': [ '5.1.1', '11.5.2' ],
17 silly audit   yallist: [ '3.1.1', '5.0.0' ],
17 silly audit   'lucide-react': [ '0.546.0' ],
17 silly audit   'magic-string': [ '0.30.21' ],
17 silly audit   'math-intrinsics': [ '1.1.0' ],
17 silly audit   'media-typer': [ '0.3.0' ],
17 silly audit   'merge-descriptors': [ '1.0.3' ],
17 silly audit   methods: [ '1.1.2' ],
17 silly audit   mime: [ '1.6.0' ],
17 silly audit   'mime-db': [ '1.52.0' ],
17 silly audit   'mime-types': [ '2.1.35' ],
17 silly audit   minimatch: [ '10.2.5' ],
17 silly audit   minipass: [ '7.1.3' ],
17 silly audit   minizlib: [ '3.1.0' ],
17 silly audit   motion: [ '12.42.2' ],
17 silly audit   'motion-dom': [ '12.42.2' ],
17 silly audit   'motion-utils': [ '12.39.0' ],
17 silly audit   nanoid: [ '3.3.16' ],
17 silly audit   'native-run': [ '2.0.3' ],
17 silly audit   negotiator: [ '0.6.3' ],
17 silly audit   'node-domexception': [ '1.0.0' ],
17 silly audit   'node-fetch': [ '3.3.2' ],
17 silly audit   'node-releases': [ '2.0.51' ],
17 silly audit   'object-inspect': [ '1.13.4' ],
17 silly audit   'on-finished': [ '2.4.1' ],
17 silly audit   open: [ '8.4.2' ],
17 silly audit   'p-retry': [ '4.6.2' ],
17 silly audit   'package-json-from-dist': [ '1.0.1' ],
17 silly audit   pako: [ '2.2.0' ],
17 silly audit   parseurl: [ '1.3.3' ],
17 silly audit   'path-key': [ '3.1.1' ],
17 silly audit   'path-scurry': [ '2.0.2' ],
17 silly audit   'path-to-regexp': [ '0.1.13' ],
17 silly audit   pend: [ '1.2.0' ],
17 silly audit   'performance-now': [ '2.1.0' ],
17 silly audit   pg: [ '8.23.0' ],
17 silly audit   'pg-cloudflare': [ '1.4.0' ],
17 silly audit   'pg-connection-string': [ '2.14.0' ],
17 silly audit   'pg-int8': [ '1.0.1' ],
17 silly audit   'pg-pool': [ '3.14.0' ],
17 silly audit   'pg-protocol': [ '1.16.0' ],
17 silly audit   'pg-types': [ '2.2.0' ],
17 silly audit   pgpass: [ '1.0.5' ],
17 silly audit   picocolors: [ '1.1.1' ],
17 silly audit   picomatch: [ '4.0.5' ],
17 silly audit   plist: [ '3.1.1' ],
17 silly audit   postcss: [ '8.5.22' ],
17 silly audit   'postcss-value-parser': [ '4.2.0' ],
17 silly audit   'postgres-array': [ '2.0.0' ],
17 silly audit   'postgres-bytea': [ '1.0.1' ],
17 silly audit   'postgres-date': [ '1.0.7' ],
17 silly audit   'postgres-interval': [ '1.2.0' ],
17 silly audit   prompts: [ '2.4.2' ],
17 silly audit   protobufjs: [ '7.6.5' ],
17 silly audit   'proxy-addr': [ '2.0.7' ],
17 silly audit   qs: [ '6.15.3' ],
17 silly audit   raf: [ '3.4.1' ],
17 silly audit   'range-parser': [ '1.2.1' ],
17 silly audit   'raw-body': [ '2.5.3' ],
17 silly audit   react: [ '19.2.8' ],
17 silly audit   'react-dom': [ '19.2.8' ],
17 silly audit   'react-refresh': [ '0.18.0' ],
17 silly audit   'readable-stream': [ '3.6.2' ],
17 silly audit   'regenerator-runtime': [ '0.13.11' ],
17 silly audit   'resolve-pkg-maps': [ '1.0.0' ],
17 silly audit   retry: [ '0.13.1' ],
17 silly audit   rgbcolor: [ '1.0.1' ],
17 silly audit   rimraf: [ '6.1.3' ],
17 silly audit   rollup: [ '4.62.2' ],
17 silly audit   'safe-buffer': [ '5.2.1' ],
17 silly audit   'safer-buffer': [ '2.1.2' ],
17 silly audit   sax: [ '1.1.4' ],
17 silly audit   scheduler: [ '0.27.0' ],
17 silly audit   send: [ '0.19.2' ],
17 silly audit   'serve-static': [ '1.16.3' ],
17 silly audit   setprototypeof: [ '1.2.0' ],
17 silly audit   'shebang-command': [ '2.0.0' ],
17 silly audit   'shebang-regex': [ '3.0.0' ],
17 silly audit   'side-channel': [ '1.1.1' ],
17 silly audit   'side-channel-list': [ '1.0.1' ],
17 silly audit   'side-channel-map': [ '1.0.1' ],
17 silly audit   'side-channel-weakmap': [ '1.0.2' ],
17 silly audit   'signal-exit': [ '3.0.7' ],
17 silly audit   sisteransi: [ '1.0.5' ],
17 silly audit   'slice-ansi': [ '4.0.0' ],
17 silly audit   'source-map': [ '0.6.1' ],
17 silly audit   'source-map-js': [ '1.2.1' ],
17 silly audit   'source-map-support': [ '0.5.21' ],
17 silly audit   split2: [ '4.2.0' ],
17 silly audit   'stackblur-canvas': [ '2.7.0' ],
17 silly audit   statuses: [ '2.0.2' ],
17 silly audit   string_decoder: [ '1.3.0' ],
17 silly audit   'string-width': [ '4.2.3' ],
17 silly audit   'strip-ansi': [ '6.0.1' ],
17 silly audit   'svg-pathdata': [ '6.0.3' ],
17 silly audit   tailwindcss: [ '4.3.3' ],
17 silly audit   tapable: [ '2.3.3' ],
17 silly audit   tar: [ '7.5.22' ],
17 silly audit   'text-segmentation': [ '1.0.3' ],
17 silly audit   through2: [ '4.0.2' ],
17 silly audit   tinyglobby: [ '0.2.17' ],
17 silly audit   toidentifier: [ '1.0.1' ],
17 silly audit   'tree-kill': [ '1.2.2' ],
17 silly audit   tslib: [ '2.8.1' ],
17 silly audit   tsx: [ '4.23.1' ],
17 silly audit   'type-is': [ '1.6.18' ],
17 silly audit   typescript: [ '5.8.3' ],
17 silly audit   'undici-types': [ '6.21.0' ],
17 silly audit   universalify: [ '2.0.1' ],
17 silly audit   unpipe: [ '1.0.0' ],
17 silly audit   untildify: [ '4.0.0' ],
17 silly audit   'update-browserslist-db': [ '1.2.3' ],
17 silly audit   'util-deprecate': [ '1.0.2' ],
17 silly audit   'utils-merge': [ '1.0.1' ],
17 silly audit   utrie: [ '1.0.2' ],
17 silly audit   vary: [ '1.1.2' ],
17 silly audit   vite: [ '6.4.3' ],
17 silly audit   'web-streams-polyfill': [ '3.3.3' ],
17 silly audit   which: [ '2.0.2' ],
17 silly audit   'wrap-ansi': [ '7.0.0' ],
17 silly audit   ws: [ '8.21.1' ],
17 silly audit   xml2js: [ '0.6.2' ],
17 silly audit   xmlbuilder: [ '11.0.1', '15.1.1' ],
17 silly audit   xtend: [ '4.0.2' ],
17 silly audit   yauzl: [ '2.10.0' ]
17 silly audit }
18 verbose reify failed optional dependency /var/www/alkarrar-app/node_modules/@esbuild/win32-x64
19 silly reify mark deleted [ '/var/www/alkarrar-app/node_modules/@esbuild/win32-x64' ]
20 verbose reify failed optional dependency /var/www/alkarrar-app/node_modules/@esbuild/win32-ia32
21 silly reify mark deleted [ '/var/www/alkarrar-app/node_modules/@esbuild/win32-ia32' ]
22 verbose reify failed optional dependency /var/www/alkarrar-app/node_modules/@esbuild/win32-arm64
23 silly reify mark deleted [ '/var/www/alkarrar-app/node_modules/@esbuild/win32-arm64' ]
24 verbose reify failed optional dependency /var/www/alkarrar-app/node_modules/@esbuild/sunos-x64
25 silly reify mark deleted [ '/var/www/alkarrar-app/node_modules/@esbuild/sunos-x64' ]
26 verbose reify failed optional dependency /var/www/alkarrar-app/node_modules/@esbuild/openharmony-arm64
27 silly reify mark deleted [ '/var/www/alkarrar-app/node_modules/@esbuild/openharmony-arm64' ]
28 verbose reify failed optional dependency /var/www/alkarrar-app/node_modules/@esbuild/openbsd-x64
29 silly reify mark deleted [ '/var/www/alkarrar-app/node_modules/@esbuild/openbsd-x64' ]
30 verbose reify failed optional dependency /var/www/alkarrar-app/node_modules/@esbuild/openbsd-arm64
31 silly reify mark deleted [ '/var/www/alkarrar-app/node_modules/@esbuild/openbsd-arm64' ]
32 verbose reify failed optional dependency /var/www/alkarrar-app/node_modules/@esbuild/netbsd-x64
33 silly reify mark deleted [ '/var/www/alkarrar-app/node_modules/@esbuild/netbsd-x64' ]
34 verbose reify failed optional dependency /var/www/alkarrar-app/node_modules/@esbuild/netbsd-arm64
35 silly reify mark deleted [ '/var/www/alkarrar-app/node_modules/@esbuild/netbsd-arm64' ]
36 verbose reify failed optional dependency /var/www/alkarrar-app/node_modules/@esbuild/linux-s390x
37 silly reify mark deleted [ '/var/www/alkarrar-app/node_modules/@esbuild/linux-s390x' ]
38 verbose reify failed optional dependency /var/www/alkarrar-app/node_modules/@esbuild/linux-riscv64
39 silly reify mark deleted [ '/var/www/alkarrar-app/node_modules/@esbuild/linux-riscv64' ]
40 verbose reify failed optional dependency /var/www/alkarrar-app/node_modules/@esbuild/linux-ppc64
41 silly reify mark deleted [ '/var/www/alkarrar-app/node_modules/@esbuild/linux-ppc64' ]
42 verbose reify failed optional dependency /var/www/alkarrar-app/node_modules/@esbuild/linux-mips64el
43 silly reify mark deleted [ '/var/www/alkarrar-app/node_modules/@esbuild/linux-mips64el' ]
44 verbose reify failed optional dependency /var/www/alkarrar-app/node_modules/@esbuild/linux-loong64
45 silly reify mark deleted [ '/var/www/alkarrar-app/node_modules/@esbuild/linux-loong64' ]
46 verbose reify failed optional dependency /var/www/alkarrar-app/node_modules/@esbuild/linux-ia32
47 silly reify mark deleted [ '/var/www/alkarrar-app/node_modules/@esbuild/linux-ia32' ]
48 verbose reify failed optional dependency /var/www/alkarrar-app/node_modules/@esbuild/linux-arm64
49 silly reify mark deleted [ '/var/www/alkarrar-app/node_modules/@esbuild/linux-arm64' ]
50 verbose reify failed optional dependency /var/www/alkarrar-app/node_modules/@esbuild/linux-arm
51 silly reify mark deleted [ '/var/www/alkarrar-app/node_modules/@esbuild/linux-arm' ]
52 verbose reify failed optional dependency /var/www/alkarrar-app/node_modules/@esbuild/freebsd-x64
53 silly reify mark deleted [ '/var/www/alkarrar-app/node_modules/@esbuild/freebsd-x64' ]
54 verbose reify failed optional dependency /var/www/alkarrar-app/node_modules/@esbuild/freebsd-arm64
55 silly reify mark deleted [ '/var/www/alkarrar-app/node_modules/@esbuild/freebsd-arm64' ]
56 verbose reify failed optional dependency /var/www/alkarrar-app/node_modules/@esbuild/darwin-x64
57 silly reify mark deleted [ '/var/www/alkarrar-app/node_modules/@esbuild/darwin-x64' ]
58 verbose reify failed optional dependency /var/www/alkarrar-app/node_modules/@esbuild/darwin-arm64
59 silly reify mark deleted [ '/var/www/alkarrar-app/node_modules/@esbuild/darwin-arm64' ]
60 verbose reify failed optional dependency /var/www/alkarrar-app/node_modules/@esbuild/android-x64
61 silly reify mark deleted [ '/var/www/alkarrar-app/node_modules/@esbuild/android-x64' ]
62 verbose reify failed optional dependency /var/www/alkarrar-app/node_modules/@esbuild/android-arm64
63 silly reify mark deleted [ '/var/www/alkarrar-app/node_modules/@esbuild/android-arm64' ]
64 verbose reify failed optional dependency /var/www/alkarrar-app/node_modules/@esbuild/android-arm
65 silly reify mark deleted [ '/var/www/alkarrar-app/node_modules/@esbuild/android-arm' ]
66 verbose reify failed optional dependency /var/www/alkarrar-app/node_modules/@esbuild/aix-ppc64
67 silly reify mark deleted [ '/var/www/alkarrar-app/node_modules/@esbuild/aix-ppc64' ]
68 verbose reify failed optional dependency /var/www/alkarrar-app/node_modules/tsx/node_modules/@esbuild/win32-x64
69 silly reify mark deleted [
69 silly reify   '/var/www/alkarrar-app/node_modules/tsx/node_modules/@esbuild/win32-x64'
69 silly reify ]
70 verbose reify failed optional dependency /var/www/alkarrar-app/node_modules/tsx/node_modules/@esbuild/win32-ia32
71 silly reify mark deleted [
71 silly reify   '/var/www/alkarrar-app/node_modules/tsx/node_modules/@esbuild/win32-ia32'
71 silly reify ]
72 verbose reify failed optional dependency /var/www/alkarrar-app/node_modules/tsx/node_modules/@esbuild/win32-arm64
73 silly reify mark deleted [
73 silly reify   '/var/www/alkarrar-app/node_modules/tsx/node_modules/@esbuild/win32-arm64'
73 silly reify ]
74 verbose reify failed optional dependency /var/www/alkarrar-app/node_modules/tsx/node_modules/@esbuild/sunos-x64
75 silly reify mark deleted [
75 silly reify   '/var/www/alkarrar-app/node_modules/tsx/node_modules/@esbuild/sunos-x64'
75 silly reify ]
76 verbose reify failed optional dependency /var/www/alkarrar-app/node_modules/tsx/node_modules/@esbuild/openharmony-arm64
77 silly reify mark deleted [
77 silly reify   '/var/www/alkarrar-app/node_modules/tsx/node_modules/@esbuild/openharmony-arm64'
77 silly reify ]
78 verbose reify failed optional dependency /var/www/alkarrar-app/node_modules/tsx/node_modules/@esbuild/openbsd-x64
79 silly reify mark deleted [
79 silly reify   '/var/www/alkarrar-app/node_modules/tsx/node_modules/@esbuild/openbsd-x64'
79 silly reify ]
80 verbose reify failed optional dependency /var/www/alkarrar-app/node_modules/tsx/node_modules/@esbuild/openbsd-arm64
81 silly reify mark deleted [
81 silly reify   '/var/www/alkarrar-app/node_modules/tsx/node_modules/@esbuild/openbsd-arm64'
81 silly reify ]
82 verbose reify failed optional dependency /var/www/alkarrar-app/node_modules/tsx/node_modules/@esbuild/netbsd-x64
83 silly reify mark deleted [
83 silly reify   '/var/www/alkarrar-app/node_modules/tsx/node_modules/@esbuild/netbsd-x64'
83 silly reify ]
84 verbose reify failed optional dependency /var/www/alkarrar-app/node_modules/tsx/node_modules/@esbuild/netbsd-arm64
85 silly reify mark deleted [
85 silly reify   '/var/www/alkarrar-app/node_modules/tsx/node_modules/@esbuild/netbsd-arm64'
85 silly reify ]
86 verbose reify failed optional dependency /var/www/alkarrar-app/node_modules/tsx/node_modules/@esbuild/linux-s390x
87 silly reify mark deleted [
87 silly reify   '/var/www/alkarrar-app/node_modules/tsx/node_modules/@esbuild/linux-s390x'
87 silly reify ]
88 verbose reify failed optional dependency /var/www/alkarrar-app/node_modules/tsx/node_modules/@esbuild/linux-riscv64
89 silly reify mark deleted [
89 silly reify   '/var/www/alkarrar-app/node_modules/tsx/node_modules/@esbuild/linux-riscv64'
89 silly reify ]
90 verbose reify failed optional dependency /var/www/alkarrar-app/node_modules/tsx/node_modules/@esbuild/linux-ppc64
91 silly reify mark deleted [
91 silly reify   '/var/www/alkarrar-app/node_modules/tsx/node_modules/@esbuild/linux-ppc64'
91 silly reify ]
92 verbose reify failed optional dependency /var/www/alkarrar-app/node_modules/tsx/node_modules/@esbuild/linux-mips64el
93 silly reify mark deleted [
93 silly reify   '/var/www/alkarrar-app/node_modules/tsx/node_modules/@esbuild/linux-mips64el'
93 silly reify ]
94 verbose reify failed optional dependency /var/www/alkarrar-app/node_modules/tsx/node_modules/@esbuild/linux-loong64
95 silly reify mark deleted [
95 silly reify   '/var/www/alkarrar-app/node_modules/tsx/node_modules/@esbuild/linux-loong64'
95 silly reify ]
96 verbose reify failed optional dependency /var/www/alkarrar-app/node_modules/tsx/node_modules/@esbuild/linux-ia32
97 silly reify mark deleted [
97 silly reify   '/var/www/alkarrar-app/node_modules/tsx/node_modules/@esbuild/linux-ia32'
97 silly reify ]
98 verbose reify failed optional dependency /var/www/alkarrar-app/node_modules/tsx/node_modules/@esbuild/linux-arm64
99 silly reify mark deleted [
99 silly reify   '/var/www/alkarrar-app/node_modules/tsx/node_modules/@esbuild/linux-arm64'
99 silly reify ]
100 verbose reify failed optional dependency /var/www/alkarrar-app/node_modules/tsx/node_modules/@esbuild/linux-arm
101 silly reify mark deleted [
101 silly reify   '/var/www/alkarrar-app/node_modules/tsx/node_modules/@esbuild/linux-arm'
101 silly reify ]
102 verbose reify failed optional dependency /var/www/alkarrar-app/node_modules/tsx/node_modules/@esbuild/freebsd-x64
103 silly reify mark deleted [
103 silly reify   '/var/www/alkarrar-app/node_modules/tsx/node_modules/@esbuild/freebsd-x64'
103 silly reify ]
104 verbose reify failed optional dependency /var/www/alkarrar-app/node_modules/tsx/node_modules/@esbuild/freebsd-arm64
105 silly reify mark deleted [
105 silly reify   '/var/www/alkarrar-app/node_modules/tsx/node_modules/@esbuild/freebsd-arm64'
105 silly reify ]
106 verbose reify failed optional dependency /var/www/alkarrar-app/node_modules/tsx/node_modules/@esbuild/darwin-x64
107 silly reify mark deleted [
107 silly reify   '/var/www/alkarrar-app/node_modules/tsx/node_modules/@esbuild/darwin-x64'
107 silly reify ]
108 verbose reify failed optional dependency /var/www/alkarrar-app/node_modules/tsx/node_modules/@esbuild/darwin-arm64
109 silly reify mark deleted [
109 silly reify   '/var/www/alkarrar-app/node_modules/tsx/node_modules/@esbuild/darwin-arm64'
109 silly reify ]
110 verbose reify failed optional dependency /var/www/alkarrar-app/node_modules/tsx/node_modules/@esbuild/android-x64
111 silly reify mark deleted [
111 silly reify   '/var/www/alkarrar-app/node_modules/tsx/node_modules/@esbuild/android-x64'
111 silly reify ]
112 verbose reify failed optional dependency /var/www/alkarrar-app/node_modules/tsx/node_modules/@esbuild/android-arm64
113 silly reify mark deleted [
113 silly reify   '/var/www/alkarrar-app/node_modules/tsx/node_modules/@esbuild/android-arm64'
113 silly reify ]
114 verbose reify failed optional dependency /var/www/alkarrar-app/node_modules/tsx/node_modules/@esbuild/android-arm
115 silly reify mark deleted [
115 silly reify   '/var/www/alkarrar-app/node_modules/tsx/node_modules/@esbuild/android-arm'
115 silly reify ]
116 verbose reify failed optional dependency /var/www/alkarrar-app/node_modules/tsx/node_modules/@esbuild/aix-ppc64
117 silly reify mark deleted [
117 silly reify   '/var/www/alkarrar-app/node_modules/tsx/node_modules/@esbuild/aix-ppc64'
117 silly reify ]
118 verbose reify failed optional dependency /var/www/alkarrar-app/node_modules/esbuild/node_modules/@esbuild/win32-x64
119 silly reify mark deleted [
119 silly reify   '/var/www/alkarrar-app/node_modules/esbuild/node_modules/@esbuild/win32-x64'
119 silly reify ]
120 verbose reify failed optional dependency /var/www/alkarrar-app/node_modules/esbuild/node_modules/@esbuild/win32-ia32
121 silly reify mark deleted [
121 silly reify   '/var/www/alkarrar-app/node_modules/esbuild/node_modules/@esbuild/win32-ia32'
121 silly reify ]
122 verbose reify failed optional dependency /var/www/alkarrar-app/node_modules/esbuild/node_modules/@esbuild/win32-arm64
123 silly reify mark deleted [
123 silly reify   '/var/www/alkarrar-app/node_modules/esbuild/node_modules/@esbuild/win32-arm64'
123 silly reify ]
124 verbose reify failed optional dependency /var/www/alkarrar-app/node_modules/esbuild/node_modules/@esbuild/sunos-x64
125 silly reify mark deleted [
125 silly reify   '/var/www/alkarrar-app/node_modules/esbuild/node_modules/@esbuild/sunos-x64'
125 silly reify ]
126 verbose reify failed optional dependency /var/www/alkarrar-app/node_modules/esbuild/node_modules/@esbuild/openbsd-x64
127 silly reify mark deleted [
127 silly reify   '/var/www/alkarrar-app/node_modules/esbuild/node_modules/@esbuild/openbsd-x64'
127 silly reify ]
128 verbose reify failed optional dependency /var/www/alkarrar-app/node_modules/esbuild/node_modules/@esbuild/netbsd-x64
129 silly reify mark deleted [
129 silly reify   '/var/www/alkarrar-app/node_modules/esbuild/node_modules/@esbuild/netbsd-x64'
129 silly reify ]
130 verbose reify failed optional dependency /var/www/alkarrar-app/node_modules/esbuild/node_modules/@esbuild/linux-s390x
131 silly reify mark deleted [
131 silly reify   '/var/www/alkarrar-app/node_modules/esbuild/node_modules/@esbuild/linux-s390x'
131 silly reify ]
132 verbose reify failed optional dependency /var/www/alkarrar-app/node_modules/esbuild/node_modules/@esbuild/linux-riscv64
133 silly reify mark deleted [
133 silly reify   '/var/www/alkarrar-app/node_modules/esbuild/node_modules/@esbuild/linux-riscv64'
133 silly reify ]
134 verbose reify failed optional dependency /var/www/alkarrar-app/node_modules/esbuild/node_modules/@esbuild/linux-ppc64
135 silly reify mark deleted [
135 silly reify   '/var/www/alkarrar-app/node_modules/esbuild/node_modules/@esbuild/linux-ppc64'
135 silly reify ]
136 verbose reify failed optional dependency /var/www/alkarrar-app/node_modules/esbuild/node_modules/@esbuild/linux-mips64el
137 silly reify mark deleted [
137 silly reify   '/var/www/alkarrar-app/node_modules/esbuild/node_modules/@esbuild/linux-mips64el'
137 silly reify ]
138 verbose reify failed optional dependency /var/www/alkarrar-app/node_modules/esbuild/node_modules/@esbuild/linux-loong64
139 silly reify mark deleted [
139 silly reify   '/var/www/alkarrar-app/node_modules/esbuild/node_modules/@esbuild/linux-loong64'
139 silly reify ]
140 verbose reify failed optional dependency /var/www/alkarrar-app/node_modules/esbuild/node_modules/@esbuild/linux-ia32
141 silly reify mark deleted [
141 silly reify   '/var/www/alkarrar-app/node_modules/esbuild/node_modules/@esbuild/linux-ia32'
141 silly reify ]
142 verbose reify failed optional dependency /var/www/alkarrar-app/node_modules/esbuild/node_modules/@esbuild/linux-arm64
143 silly reify mark deleted [
143 silly reify   '/var/www/alkarrar-app/node_modules/esbuild/node_modules/@esbuild/linux-arm64'
143 silly reify ]
144 verbose reify failed optional dependency /var/www/alkarrar-app/node_modules/esbuild/node_modules/@esbuild/linux-arm
145 silly reify mark deleted [
145 silly reify   '/var/www/alkarrar-app/node_modules/esbuild/node_modules/@esbuild/linux-arm'
145 silly reify ]
146 verbose reify failed optional dependency /var/www/alkarrar-app/node_modules/esbuild/node_modules/@esbuild/freebsd-x64
147 silly reify mark deleted [
147 silly reify   '/var/www/alkarrar-app/node_modules/esbuild/node_modules/@esbuild/freebsd-x64'
147 silly reify ]
148 verbose reify failed optional dependency /var/www/alkarrar-app/node_modules/esbuild/node_modules/@esbuild/freebsd-arm64
149 silly reify mark deleted [
149 silly reify   '/var/www/alkarrar-app/node_modules/esbuild/node_modules/@esbuild/freebsd-arm64'
149 silly reify ]
150 verbose reify failed optional dependency /var/www/alkarrar-app/node_modules/esbuild/node_modules/@esbuild/darwin-x64
151 silly reify mark deleted [
151 silly reify   '/var/www/alkarrar-app/node_modules/esbuild/node_modules/@esbuild/darwin-x64'
151 silly reify ]
152 verbose reify failed optional dependency /var/www/alkarrar-app/node_modules/esbuild/node_modules/@esbuild/darwin-arm64
153 silly reify mark deleted [
153 silly reify   '/var/www/alkarrar-app/node_modules/esbuild/node_modules/@esbuild/darwin-arm64'
153 silly reify ]
154 verbose reify failed optional dependency /var/www/alkarrar-app/node_modules/esbuild/node_modules/@esbuild/android-x64
155 silly reify mark deleted [
155 silly reify   '/var/www/alkarrar-app/node_modules/esbuild/node_modules/@esbuild/android-x64'
155 silly reify ]
156 verbose reify failed optional dependency /var/www/alkarrar-app/node_modules/esbuild/node_modules/@esbuild/android-arm64
157 silly reify mark deleted [
157 silly reify   '/var/www/alkarrar-app/node_modules/esbuild/node_modules/@esbuild/android-arm64'
157 silly reify ]
158 verbose reify failed optional dependency /var/www/alkarrar-app/node_modules/esbuild/node_modules/@esbuild/android-arm
159 silly reify mark deleted [
159 silly reify   '/var/www/alkarrar-app/node_modules/esbuild/node_modules/@esbuild/android-arm'
159 silly reify ]
160 http fetch POST 200 https://registry.npmjs.org/-/npm/v1/security/advisories/bulk 433ms
161 silly audit report {
161 silly audit report   esbuild: [
161 silly audit report     {
161 silly audit report       id: 1102341,
161 silly audit report       url: 'https://github.com/advisories/GHSA-67mh-4wv8-2f99',
161 silly audit report       title: 'esbuild enables any website to send any requests to the development server and read the response',
161 silly audit report       severity: 'moderate',
161 silly audit report       vulnerable_versions: '<=0.24.2',
161 silly audit report       cwe: [Array],
161 silly audit report       cvss: [Object]
161 silly audit report     }
161 silly audit report   ],
161 silly audit report   '@xmldom/xmldom': [
161 silly audit report     {
161 silly audit report       id: 1158517,
161 silly audit report       url: 'https://github.com/advisories/GHSA-6gmq-8vp8-gcm6',
161 silly audit report       title: 'xmldom: XML fragment injection via invalid EntityReference.nodeName during requireWellFormed serialization',
161 silly audit report       severity: 'moderate',
161 silly audit report       vulnerable_versions: '>=0.9.0 <=0.9.11',
161 silly audit report       cwe: [Array],
161 silly audit report       cvss: [Object]
161 silly audit report     },
161 silly audit report     {
161 silly audit report       id: 1193671,
161 silly audit report       url: 'https://github.com/advisories/GHSA-6mj3-qw4j-hgrw',
161 silly audit report       title: 'xmldom: HTML raw-text closing-tag case mismatch causes output amplification',
161 silly audit report       severity: 'high',
161 silly audit report       vulnerable_versions: '>=0.9.0-beta.1 <=0.9.11',
161 silly audit report       cwe: [Array],
161 silly audit report       cvss: [Object]
161 silly audit report     },
161 silly audit report     {
161 silly audit report       id: 1193687,
161 silly audit report       url: 'https://github.com/advisories/GHSA-g53g-w8rj-fmg7',
161 silly audit report       title: 'xmldom PI grammar regex ReDoS: quadratic backtracking on unterminated processing instructions',
161 silly audit report       severity: 'high',
161 silly audit report       vulnerable_versions: '>=0.9.0-beta.9 <=0.9.10',
161 silly audit report       cwe: [Array],
161 silly audit report       cvss: [Object]
161 silly audit report     },
161 silly audit report     {
161 silly audit report       id: 1193690,
161 silly audit report       url: 'https://github.com/advisories/GHSA-w2rr-34g9-rvrj',
161 silly audit report       title: 'xmldom: Element name injection via createElement() bypasses requireWellFormed',
161 silly audit report       severity: 'high',
161 silly audit report       vulnerable_versions: '>=0.9.0 <=0.9.10',
161 silly audit report       cwe: [Array],
161 silly audit report       cvss: [Object]
161 silly audit report     },
161 silly audit report     {
161 silly audit report       id: 1193693,
161 silly audit report       url: 'https://github.com/advisories/GHSA-4w3w-2rp5-g8jm',
161 silly audit report       title: 'xmldom: Attribute name injection via setAttribute() bypasses requireWellFormed',
161 silly audit report       severity: 'high',
161 silly audit report       vulnerable_versions: '>=0.9.0 <=0.9.10',
161 silly audit report       cwe: [Array],
161 silly audit report       cvss: [Object]
161 silly audit report     },
161 silly audit report     {
161 silly audit report       id: 1193695,
161 silly audit report       url: 'https://github.com/advisories/GHSA-c7q8-3ch8-vqpv',
161 silly audit report       title: 'xmldom: Processing Instruction Target Injection Bypasses requireWellFormed',
161 silly audit report       severity: 'high',
161 silly audit report       vulnerable_versions: '>=0.9.0 <=0.9.11',
161 silly audit report       cwe: [Array],
161 silly audit report       cvss: [Object]
161 silly audit report     },
161 silly audit report     {
161 silly audit report       id: 1193699,
161 silly audit report       url: 'https://github.com/advisories/GHSA-27p8-2357-5qqv',
161 silly audit report       title: 'xmldom: DocType `name` Injection Bypasses requireWellFormed',
161 silly audit report       severity: 'high',
161 silly audit report       vulnerable_versions: '>=0.9.0 <=0.9.11',
161 silly audit report       cwe: [Array],
161 silly audit report       cvss: [Object]
161 silly audit report     },
161 silly audit report     {
161 silly audit report       id: 1193701,
161 silly audit report       url: 'https://github.com/advisories/GHSA-3px3-54cx-rmw9',
161 silly audit report       title: 'xmldom: Creation-time XML Name/QName validation is bypassable via an embedded line terminator, allowing injection on the default serialization path',
161 silly audit report       severity: 'high',
161 silly audit report       vulnerable_versions: '>=0.9.0 <=0.9.11',
161 silly audit report       cwe: [Array],
161 silly audit report       cvss: [Object]
161 silly audit report     },
161 silly audit report     {
161 silly audit report       id: 1193702,
161 silly audit report       url: 'https://github.com/advisories/GHSA-vr34-hp96-76pp',
161 silly audit report       title: 'xmldom: requireWellFormed DocType publicId/systemId validation is bypassable via an embedded line terminator',
161 silly audit report       severity: 'high',
161 silly audit report       vulnerable_versions: '>=0.9.10 <=0.9.11',
161 silly audit report       cwe: [Array],
161 silly audit report       cvss: [Object]
161 silly audit report     },
161 silly audit report     {
161 silly audit report       id: 1193704,
161 silly audit report       url: 'https://github.com/advisories/GHSA-6h8r-xr42-gp59',
161 silly audit report       title: 'xmldom: Parser silently accepts a not-well-formed end tag whose name is followed by a line break and trailing content',
161 silly audit report       severity: 'moderate',
161 silly audit report       vulnerable_versions: '>=0.9.0 <=0.9.11',
161 silly audit report       cwe: [Array],
161 silly audit report       cvss: [Object]
161 silly audit report     },
161 silly audit report     {
161 silly audit report       id: 1193707,
161 silly audit report       url: 'https://github.com/advisories/GHSA-8344-3jmq-59r6',
161 silly audit report       title: 'xmldom: Quadratic-time attribute deduplication',
161 silly audit report       severity: 'high',
161 silly audit report       vulnerable_versions: '>=0.9.0 <=0.9.11',
161 silly audit report       cwe: [Array],
161 silly audit report       cvss: [Object]
161 silly audit report     },
161 silly audit report     {
161 silly audit report       id: 1193711,
161 silly audit report       url: 'https://github.com/advisories/GHSA-965w-775f-mr7g',
161 silly audit report       title: 'xmldom: Quadratic-memory consumption',
161 silly audit report       severity: 'high',
161 silly audit report       vulnerable_versions: '>=0.9.0 <=0.9.11',
161 silly audit report       cwe: [Array],
161 silly audit report       cvss: [Object]
161 silly audit report     },
161 silly audit report     {
161 silly audit report       id: 1193714,
161 silly audit report       url: 'https://github.com/advisories/GHSA-93r5-fhx6-vmg9',
161 silly audit report       title: 'xmldom: Quadratic-time parsing via the malformed-input recovery path — `parseElementStartPart` re-scan and `normalize()` adjacent-text merge',
161 silly audit report       severity: 'high',
161 silly audit report       vulnerable_versions: '>=0.9.0 <=0.9.11',
161 silly audit report       cwe: [Array],
161 silly audit report       cvss: [Object]
161 silly audit report     }
161 silly audit report   ],
161 silly audit report   'brace-expansion': [
161 silly audit report     {
161 silly audit report       id: 1130734,
161 silly audit report       url: 'https://github.com/advisories/GHSA-rgw5-rvv9-x895',
161 silly audit report       title: 'brace-expansion: DoS via unbounded intermediate arrays, bypassing the CVE-2026-14257 mitigation',
161 silly audit report       severity: 'high',
161 silly audit report       vulnerable_versions: '>=4.0.0 <5.0.9',
161 silly audit report       cwe: [Array],
161 silly audit report       cvss: [Object]
161 silly audit report     }
161 silly audit report   ],
161 silly audit report   dompurify: [
161 silly audit report     {
161 silly audit report       id: 1138538,
161 silly audit report       url: 'https://github.com/advisories/GHSA-55q2-fjhq-7xh7',
161 silly audit report       title: 'DOMPurify: IN_PLACE hook removal leaves a detached subtree executable, causing XSS',
161 silly audit report       severity: 'moderate',
161 silly audit report       vulnerable_versions: '<=3.4.12',
161 silly audit report       cwe: [Array],
161 silly audit report       cvss: [Object]
161 silly audit report     }
161 silly audit report   ],
161 silly audit report   nanoid: [
161 silly audit report     {
161 silly audit report       id: 1139427,
161 silly audit report       url: 'https://github.com/advisories/GHSA-2v37-7h3g-55p8',
161 silly audit report       title: 'nanoid: custom generators can loop indefinitely when size is zero',
161 silly audit report       severity: 'high',
161 silly audit report       vulnerable_versions: '<3.3.18',
161 silly audit report       cwe: [Array],
161 silly audit report       cvss: [Object]
161 silly audit report     }
161 silly audit report   ],
161 silly audit report   postcss: [
161 silly audit report     {
161 silly audit report       id: 1130709,
161 silly audit report       url: 'https://github.com/advisories/GHSA-fxqj-rqcc-2cmp',
161 silly audit report       title: 'PostCSS: incomplete fix of GHSA-6g55-p6wh-862q — attacker-controlled sourceMappingURL reads arbitrary .map files when `from` is unset',
161 silly audit report       severity: 'moderate',
161 silly audit report       vulnerable_versions: '<=8.5.22',
161 silly audit report       cwe: [Array],
161 silly audit report       cvss: [Object]
161 silly audit report     }
161 silly audit report   ],
161 silly audit report   qs: [
161 silly audit report     {
161 silly audit report       id: 1158506,
161 silly audit report       url: 'https://github.com/advisories/GHSA-x5fp-wj9c-mxmx',
161 silly audit report       title: 'qs array-limit bypass via bracket-key comma parsing',
161 silly audit report       severity: 'moderate',
161 silly audit report       vulnerable_versions: '>=6.14.2 <=6.15.3',
161 silly audit report       cwe: [Array],
161 silly audit report       cvss: [Object]
161 silly audit report     },
161 silly audit report     {
161 silly audit report       id: 1158507,
161 silly audit report       url: 'https://github.com/advisories/GHSA-4mjr-xmp4-gh2g',
161 silly audit report       title: 'qs: Denial of Service via Attacker Controlled isBuffer',
161 silly audit report       severity: 'moderate',
161 silly audit report       vulnerable_versions: '>=2.2.5 <6.16.0',
161 silly audit report       cwe: [Array],
161 silly audit report       cvss: [Object]
161 silly audit report     }
161 silly audit report   ]
161 silly audit report }
162 silly packumentCache corgi:https://registry.npmjs.org/esbuild cache-miss
163 silly packumentCache corgi:https://registry.npmjs.org/@xmldom%2fxmldom cache-miss
164 silly packumentCache corgi:https://registry.npmjs.org/brace-expansion cache-miss
165 silly packumentCache corgi:https://registry.npmjs.org/dompurify cache-miss
166 silly packumentCache corgi:https://registry.npmjs.org/nanoid cache-miss
167 silly packumentCache corgi:https://registry.npmjs.org/postcss cache-miss
168 silly packumentCache corgi:https://registry.npmjs.org/qs cache-miss
169 http fetch GET 200 https://registry.npmjs.org/@xmldom%2fxmldom 212ms (cache revalidated)
170 silly packumentCache corgi:https://registry.npmjs.org/@xmldom%2fxmldom set size:77588 disposed:false
171 http fetch GET 200 https://registry.npmjs.org/nanoid 248ms (cache revalidated)
172 silly packumentCache corgi:https://registry.npmjs.org/nanoid set size:159237 disposed:false
173 http fetch GET 200 https://registry.npmjs.org/esbuild 278ms (cache revalidated)
174 silly packumentCache corgi:https://registry.npmjs.org/esbuild set size:889133 disposed:false
175 http fetch GET 200 https://registry.npmjs.org/brace-expansion 341ms (cache revalidated)
176 silly packumentCache corgi:https://registry.npmjs.org/brace-expansion set size:45109 disposed:false
177 http fetch GET 200 https://registry.npmjs.org/qs 336ms (cache revalidated)
178 silly packumentCache corgi:https://registry.npmjs.org/qs set size:149425 disposed:false
179 http fetch GET 200 https://registry.npmjs.org/dompurify 347ms (cache revalidated)
180 silly packumentCache corgi:https://registry.npmjs.org/dompurify set size:259707 disposed:false
181 http fetch GET 200 https://registry.npmjs.org/postcss 350ms (cache revalidated)
182 silly packumentCache corgi:https://registry.npmjs.org/postcss set size:357674 disposed:false
183 silly packumentCache corgi:https://registry.npmjs.org/@esbuild-kit%2fcore-utils cache-miss
184 http fetch GET 200 https://registry.npmjs.org/@esbuild-kit%2fcore-utils 43ms (cache revalidated)
185 silly packumentCache corgi:https://registry.npmjs.org/@esbuild-kit%2fcore-utils set size:50200 disposed:false
186 silly packumentCache corgi:https://registry.npmjs.org/plist cache-miss
187 http fetch GET 200 https://registry.npmjs.org/plist 24ms (cache revalidated)
188 silly packumentCache corgi:https://registry.npmjs.org/plist set size:22833 disposed:false
189 silly packumentCache corgi:https://registry.npmjs.org/minimatch cache-miss
190 http fetch GET 200 https://registry.npmjs.org/minimatch 32ms (cache revalidated)
191 silly packumentCache corgi:https://registry.npmjs.org/minimatch set size:169442 disposed:false
192 silly packumentCache corgi:https://registry.npmjs.org/jspdf cache-miss
193 http fetch GET 200 https://registry.npmjs.org/jspdf 30ms (cache revalidated)
194 silly packumentCache corgi:https://registry.npmjs.org/jspdf set size:68277 disposed:false
195 silly packumentCache corgi:https://registry.npmjs.org/autoprefixer cache-miss
196 silly packumentCache corgi:https://registry.npmjs.org/vite cache-miss
197 http fetch GET 200 https://registry.npmjs.org/autoprefixer 90ms (cache revalidated)
198 silly packumentCache corgi:https://registry.npmjs.org/autoprefixer set size:307913 disposed:false
199 http fetch GET 200 https://registry.npmjs.org/vite 210ms (cache revalidated)
200 silly packumentCache corgi:https://registry.npmjs.org/vite set size:2307868 disposed:false
201 silly packumentCache corgi:https://registry.npmjs.org/body-parser cache-miss
202 silly packumentCache corgi:https://registry.npmjs.org/express cache-miss
203 http fetch GET 200 https://registry.npmjs.org/body-parser 41ms (cache revalidated)
204 silly packumentCache corgi:https://registry.npmjs.org/body-parser set size:82509 disposed:false
205 http fetch GET 200 https://registry.npmjs.org/express 46ms (cache revalidated)
206 silly packumentCache corgi:https://registry.npmjs.org/express set size:341170 disposed:false
207 silly packumentCache corgi:https://registry.npmjs.org/@esbuild-kit%2fesm-loader cache-miss
208 http fetch GET 200 https://registry.npmjs.org/@esbuild-kit%2fesm-loader 34ms (cache revalidated)
209 silly packumentCache corgi:https://registry.npmjs.org/@esbuild-kit%2fesm-loader set size:48382 disposed:false
210 silly packumentCache corgi:https://registry.npmjs.org/drizzle-kit cache-miss
211 http fetch GET 200 https://registry.npmjs.org/drizzle-kit 77ms (cache revalidated)
212 silly packumentCache corgi:https://registry.npmjs.org/drizzle-kit set size:1241444 disposed:false
213 silly ADD
214 silly ADD
215 silly ADD
216 silly ADD
217 silly ADD
218 silly ADD
219 silly ADD
220 silly ADD
221 silly ADD
222 silly ADD
223 silly ADD
224 silly ADD
225 silly ADD
226 silly ADD
227 silly ADD
228 silly ADD
229 silly ADD
230 silly ADD
231 silly ADD
232 silly ADD
233 silly ADD
234 silly ADD
235 silly ADD
236 silly ADD
237 silly ADD
238 silly ADD
239 silly ADD
240 silly ADD
241 silly ADD
242 silly ADD
243 silly ADD
244 silly ADD
245 silly ADD
246 silly ADD
247 silly ADD
248 silly ADD
249 silly ADD
250 silly ADD
251 silly ADD
252 silly ADD
253 silly ADD
254 silly ADD
255 silly ADD
256 silly ADD
257 silly ADD
258 silly ADD
259 silly ADD
260 silly ADD
261 silly ADD
262 silly ADD
263 silly ADD
264 silly ADD
265 silly ADD
266 silly ADD
267 silly ADD
268 silly ADD
269 silly ADD
270 silly ADD
271 silly ADD
272 silly ADD
273 silly ADD
274 silly ADD
275 silly ADD
276 silly ADD
277 silly ADD
278 silly ADD
279 silly ADD
280 silly ADD
281 silly ADD
282 silly ADD
283 silly ADD
284 verbose cwd /var/www/alkarrar-app
285 verbose os Linux 5.15.0-187-generic
286 verbose node v20.20.2
287 verbose npm  v10.8.2
288 verbose exit 0
289 info ok
